===== [1/2] BASELINE 全形态 =====

============================================================
  涨停复制战法 — 历史回测
  区间: 2025-07-28 ~ 2026-07-28
  资金: 100万 | 最大持仓: 10只 | 单票: 10%
============================================================

从缓存加载候选池: 516 只
预读 516 只候选股数据...
  读取 200/516 (已加载 196 只, 1s)...
  读取 400/516 (已加载 396 只, 3s)...
预读完成: 513 只有效数据 (4s)
交易日: 262 天 (2025-07-28 ~ 2026-07-28)
市场环境: 上证MA60数据 262 天
  [20/262] 2025-08-22  持仓:0 市值:99.4万 已平:8  (2s, ETA 26s)
  [40/262] 2025-09-19  持仓:1 市值:101.2万 已平:10  (4s, ETA 24s)
  [60/262] 2025-10-17  持仓:2 市值:98.9万 已平:14  (6s, ETA 20s)
  [80/262] 2025-11-14  持仓:2 市值:100.3万 已平:19  (8s, ETA 18s)
  [100/262] 2025-12-12  持仓:0 市值:101.3万 已平:25  (10s, ETA 16s)
  [120/262] 2026-01-09  持仓:0 市值:100.6万 已平:26  (12s, ETA 14s)
  [140/262] 2026-02-06  持仓:1 市值:99.1万 已平:28  (14s, ETA 12s)
  [160/262] 2026-03-06  持仓:0 市值:98.1万 已平:31  (16s, ETA 10s)
  [180/262] 2026-04-03  持仓:0 市值:98.0万 已平:32  (18s, ETA 8s)
  [200/262] 2026-05-01  持仓:0 市值:98.0万 已平:32  (20s, ETA 6s)
  [220/262] 2026-05-29  持仓:1 市值:99.1万 已平:36  (22s, ETA 4s)
  [240/262] 2026-06-26  持仓:0 市值:102.6万 已平:39  (24s, ETA 2s)
  [260/262] 2026-07-24  持仓:0 市值:102.6万 已平:39  (26s, ETA 0s)

回测完成 (26s): 327 信号, 39 买入, 39 笔交易
  最终市值: 102.6万 | 累计收益: +2.6% | 最大回撤: 5.2%

[对比] 全形态 信号327 买入39 交易39 胜14 胜率35.9% 笔均+0.42% 累计+2.59% 回撤5.17%

[OK] Excel saved: ashare_review/analysis/zt_replica_variant_baseline.xlsx
===== [2/2] VARIANT 双响炮only =====

============================================================
  涨停复制战法 — 历史回测
  区间: 2025-07-28 ~ 2026-07-28
  资金: 100万 | 最大持仓: 10只 | 单票: 10%
============================================================

从缓存加载候选池: 516 只
预读 516 只候选股数据...
  读取 200/516 (已加载 196 只, 1s)...
  读取 400/516 (已加载 396 只, 3s)...
预读完成: 513 只有效数据 (4s)
交易日: 262 天 (2025-07-28 ~ 2026-07-28)
市场环境: 上证MA60数据 262 天
  [20/262] 2025-08-22  持仓:1 市值:100.5万 已平:5  (2s, ETA 26s)
  [40/262] 2025-09-19  持仓:0 市值:102.9万 已平:8  (4s, ETA 24s)
  [60/262] 2025-10-17  持仓:2 市值:99.3万 已平:12  (6s, ETA 20s)
  [80/262] 2025-11-14  持仓:1 市值:100.4万 已平:17  (8s, ETA 18s)
  [100/262] 2025-12-12  持仓:0 市值:101.7万 已平:22  (10s, ETA 17s)
  [120/262] 2026-01-09  持仓:0 市值:101.0万 已平:23  (12s, ETA 14s)
  [140/262] 2026-02-06  持仓:1 市值:100.9万 已平:23  (14s, ETA 13s)
  [160/262] 2026-03-06  持仓:0 市值:99.9万 已平:26  (16s, ETA 10s)
  [180/262] 2026-04-03  持仓:0 市值:99.8万 已平:27  (18s, ETA 8s)
  [200/262] 2026-05-01  持仓:0 市值:99.8万 已平:27  (20s, ETA 6s)
  [220/262] 2026-05-29  持仓:1 市值:101.0万 已平:31  (22s, ETA 4s)
  [240/262] 2026-06-26  持仓:0 市值:104.5万 已平:34  (24s, ETA 2s)
  [260/262] 2026-07-24  持仓:0 市值:104.5万 已平:34  (27s, ETA 0s)

回测完成 (27s): 312 信号, 34 买入, 34 笔交易
  最终市值: 104.5万 | 累计收益: +4.5% | 最大回撤: 5.9%

[对比] 双响炮only 信号312 买入34 交易34 胜14 胜率41.2% 笔均+1.08% 累计+4.45% 回撤5.90%

[OK] Excel saved: ashare_review/analysis/zt_replica_variant_ssxp.xlsx
